
> ishes@0.1.0 build
> next build

▲ Next.js 16.2.4 (Turbopack)
- Environments: .env.local

  Creating an optimized production build ...
✓ Compiled successfully in 4.1s
  Running TypeScript ...
  Finished TypeScript in 4.2s ...
  Collecting page data using 9 workers ...
[SMTP] Transporter initialisé pour l'utilisateur : ishes.contact@gmail.com
[SMTP] Transporter initialisé pour l'utilisateur : ishes.contact@gmail.com
  Generating static pages using 9 workers (0/69) ...
  Generating static pages using 9 workers (17/69) 
[SMTP] Transporter initialisé pour l'utilisateur : ishes.contact@gmail.com
  Generating static pages using 9 workers (34/69) 
  Generating static pages using 9 workers (51/69) 
✓ Generating static pages using 9 workers (69/69) in 655ms
  Finalizing page optimization ...

Route (app)
┌ ○ /
├ ○ /_not-found
├ ƒ /api/admin/diagnostic
├ ƒ /api/checkout
├ ƒ /api/classes/status
├ ƒ /api/messages
├ ƒ /api/push/subscribe
├ ƒ /api/webhooks/clerk
├ ƒ /api/webhooks/stripe
├ ƒ /app
├ ○ /app/accueil-eleve
├ ƒ /app/admin
├ ○ /app/admin/administratif
├ ○ /app/admin/classes
├ ○ /app/admin/communication
├ ○ /app/admin/developpeur
├ ○ /app/admin/etudiants
├ ○ /app/admin/facturation
├ ○ /app/eleve
├ ○ /app/eleve/cours
├ ○ /app/eleve/emploi-du-temps
├ ○ /app/eleve/messagerie
├ ○ /app/eleve/messagerie/mail-general
├ ○ /app/eleve/reinscription
├ ○ /boutique
├ ○ /cgv
├ ○ /conseil-spiritualite
├ ○ /contact
├ ○ /formation-enseignant
├ ○ /fr
├ ○ /fr/boutique
├ ○ /fr/civilisation-arabo-musulmane
├ ○ /fr/contact
├ ○ /fr/correction-fatiha
├ ○ /fr/cours-a-distance
├ ○ /fr/cours-al-aqida
├ ○ /fr/cours-anglais
├ ○ /fr/cours-arabe-adulte
├ ○ /fr/cours-arabe-enfant
├ ○ /fr/cours-as-sirah
├ ○ /fr/cours-education-islamique
├ ○ /fr/cours-en-presentiel
├ ○ /fr/cours-fiqh-malikite
├ ○ /fr/cours-lecture-tajwid
├ ○ /fr/cours-memoriser-coran
├ ○ /fr/cours-particuliers
├ ○ /fr/cours-particuliers-coran
├ ○ /fr/cours-sciences-coran
├ ○ /fr/cours-sciences-hadith
├ ○ /fr/cours-tajwid-enfant
├ ○ /fr/cours-tajwid-intensif
├ ○ /fr/formation-nour-al-bayane
├ ○ /fr/formation-tarbya-islamya
├ ○ /fr/pack-accompagnement
├ ○ /fr/plateforme-inscription
├ ○ /fr/question-spiritualite-islam
├ ○ /fr/sciences-islamiques
├ ○ /fr/spiritualite-islam
├ ○ /icon.png
├ ○ /inscription
├ ○ /institut
├ ○ /mentions-legales
├ ○ /politique-de-confidentialite
├ ○ /program
├ ƒ /program/[id]
├ ○ /robots.txt
├ ƒ /sign-in/[[...sign-in]]
├ ƒ /sign-up/[[...sign-up]]
├ ○ /sitemap.xml
├ ○ /test-db
├ ○ /test-positionnement
└ ○ /unauthorized


ƒ Proxy (Middleware)

○  (Static)   prerendered as static content
ƒ  (Dynamic)  server-rendered on demand

